Found 69 emojis in guild
Maskgrouprejectblack 1537818916288466956
Maskgrouppermitblack 1537818975197462618
Maskgroupnameblack 1537819023469846559
Maskgroupmuteblack 1537819104650469459
Maskgrouplockblack 1537819141006827661
Maskgroupunlockblack 1537819184850010215
Maskgrouptunmuteblack 1537819273425330247
Maskgrouptmuteblack 1537819353964220468
Maskgroupunmuteblack 1537819393491214426
Maskgroupshow_hideblack 1537819439725019138
Maskgroupshowblack 1537819483379474432
Maskgroupwhitelistblack 1537819517810380813
Maskgroupblacklistblack 1537819749784748102
Maskgroupnsfwblack 1537819799571398687
Maskgrouptransferblack 1537819850880188489
Maskgroupresetblack 1537819877891375136
Maskgroupclaimblack 1537819923710214209
Maskgrouptopblack 1537819989040701470
Maskgroupvoiceblack 1537820055948230696
Maskgrouppanelblack 1537820113196154893
Maskgroupinfinityblack 1537820170859454495
Maskgroupinfoblack 1537820204984307772
Maskgroupownerblack 1537820305064726609
Maskgroupactivityblack 1537820337033580554
Maskgroupcamblack 1537820464674639902
Maskgroupclearblack 1537820514712682528
Maskgrouptimeblack 1537820594245206026
MaskgroupQuestionblack 1537820656480292975
KuromiPeek 1537821074094559233
kawaiiangrykuromi 1537821112006746132
kuromisleeping 1537821139299078284
sadkuromi 1537821189265821856
hi 1537821258333552773
PenguinWiggle 1537822948868759683
sparkles 1537825952271302748
kuromiloves 1537826126288781362
happydance 1537826327992733787
cutekurmoii 1543363372286873761
ksksksk 1543366983288885249
hacking 1543386925002661898
ice 1543392867219677274
chteh 1543392943002484916
23258planen 1543393301913141389
677740snowmanhellokitty 1543438919406723072
woahcuffy 1543607128034517033
miaw 1543607484390969404
nitro 1543635098354716703
boost 1543635207301898290
94071angelheart 1543821173479964703
star 1544645246887927828
gh1y1ne 1544645480665845790
cutehello 1544647242638557204
eedgy_hkwave 1545100098470416445
one 1545932314159222936
two 1545932369423368323
trea 1545932518824349839
fore 1545932575846047866
five 1545932621673144402
ferscute 1546138266078683136
cuteghost 1546138377102037022
nachoNyoki 1546154979717550130
onekoAlert 1546155078577037406
oneko_zzz 1546155312892088422
3644hellokittyrun 1546239625155317841
next 1546286271113072650
prev 1546286328117723246
000heartbounce 1546517024212123729
stolen_emoji_blaze 1546517780671627304
stolen_emoji_blaze 1546517845482016768
